Archive member included to satisfy reference by file (symbol)

c:/program files/stmicroelectronics/stm32cubeide_1.5.0/stm32cubeide/plugins/com.st.stm32cube.ide.mcu.externaltools.gnu-tools-for-stm32.7-2018-q2-update.win32_1.5.0.202011040924/tools/bin/../lib/gcc/arm-none-eabi/7.3.1/../../../../arm-none-eabi/lib/thumb/v6-m\libc_nano.a(lib_a-exit.o)
                              c:/program files/stmicroelectronics/stm32cubeide_1.5.0/stm32cubeide/plugins/com.st.stm32cube.ide.mcu.externaltools.gnu-tools-for-stm32.7-2018-q2-update.win32_1.5.0.202011040924/tools/bin/../lib/gcc/arm-none-eabi/7.3.1/../../../../arm-none-eabi/lib/thumb/v6-m/crt0.o (exit)
c:/program files/stmicroelectronics/stm32cubeide_1.5.0/stm32cubeide/plugins/com.st.stm32cube.ide.mcu.externaltools.gnu-tools-for-stm32.7-2018-q2-update.win32_1.5.0.202011040924/tools/bin/../lib/gcc/arm-none-eabi/7.3.1/../../../../arm-none-eabi/lib/thumb/v6-m\libc_nano.a(lib_a-impure.o)
                              c:/program files/stmicroelectronics/stm32cubeide_1.5.0/stm32cubeide/plugins/com.st.stm32cube.ide.mcu.externaltools.gnu-tools-for-stm32.7-2018-q2-update.win32_1.5.0.202011040924/tools/bin/../lib/gcc/arm-none-eabi/7.3.1/../../../../arm-none-eabi/lib/thumb/v6-m\libc_nano.a(lib_a-exit.o) (_global_impure_ptr)
c:/program files/stmicroelectronics/stm32cubeide_1.5.0/stm32cubeide/plugins/com.st.stm32cube.ide.mcu.externaltools.gnu-tools-for-stm32.7-2018-q2-update.win32_1.5.0.202011040924/tools/bin/../lib/gcc/arm-none-eabi/7.3.1/../../../../arm-none-eabi/lib/thumb/v6-m\libc_nano.a(lib_a-init.o)
                              c:/program files/stmicroelectronics/stm32cubeide_1.5.0/stm32cubeide/plugins/com.st.stm32cube.ide.mcu.externaltools.gnu-tools-for-stm32.7-2018-q2-update.win32_1.5.0.202011040924/tools/bin/../lib/gcc/arm-none-eabi/7.3.1/../../../../arm-none-eabi/lib/thumb/v6-m/crt0.o (__libc_init_array)
c:/program files/stmicroelectronics/stm32cubeide_1.5.0/stm32cubeide/plugins/com.st.stm32cube.ide.mcu.externaltools.gnu-tools-for-stm32.7-2018-q2-update.win32_1.5.0.202011040924/tools/bin/../lib/gcc/arm-none-eabi/7.3.1/../../../../arm-none-eabi/lib/thumb/v6-m\libc_nano.a(lib_a-memset.o)
                              c:/program files/stmicroelectronics/stm32cubeide_1.5.0/stm32cubeide/plugins/com.st.stm32cube.ide.mcu.externaltools.gnu-tools-for-stm32.7-2018-q2-update.win32_1.5.0.202011040924/tools/bin/../lib/gcc/arm-none-eabi/7.3.1/../../../../arm-none-eabi/lib/thumb/v6-m/crt0.o (memset)
c:/program files/stmicroelectronics/stm32cubeide_1.5.0/stm32cubeide/plugins/com.st.stm32cube.ide.mcu.externaltools.gnu-tools-for-stm32.7-2018-q2-update.win32_1.5.0.202011040924/tools/bin/../lib/gcc/arm-none-eabi/7.3.1/thumb/v6-m\libgcc.a(_udivsi3.o)
                              Drivers/Core/Device/STM32F0xx/Source/Timers.o (__aeabi_uidiv)
c:/program files/stmicroelectronics/stm32cubeide_1.5.0/stm32cubeide/plugins/com.st.stm32cube.ide.mcu.externaltools.gnu-tools-for-stm32.7-2018-q2-update.win32_1.5.0.202011040924/tools/bin/../lib/gcc/arm-none-eabi/7.3.1/thumb/v6-m\libgcc.a(_divsi3.o)
                              Drivers/Core/Device/STM32F0xx/Source/system_stm32f0xx.o (__aeabi_idiv)
c:/program files/stmicroelectronics/stm32cubeide_1.5.0/stm32cubeide/plugins/com.st.stm32cube.ide.mcu.externaltools.gnu-tools-for-stm32.7-2018-q2-update.win32_1.5.0.202011040924/tools/bin/../lib/gcc/arm-none-eabi/7.3.1/thumb/v6-m\libgcc.a(_dvmd_tls.o)
                              c:/program files/stmicroelectronics/stm32cubeide_1.5.0/stm32cubeide/plugins/com.st.stm32cube.ide.mcu.externaltools.gnu-tools-for-stm32.7-2018-q2-update.win32_1.5.0.202011040924/tools/bin/../lib/gcc/arm-none-eabi/7.3.1/thumb/v6-m\libgcc.a(_udivsi3.o) (__aeabi_idiv0)

Discarded input sections

 .text          0x0000000000000000        0x0 c:/program files/stmicroelectronics/stm32cubeide_1.5.0/stm32cubeide/plugins/com.st.stm32cube.ide.mcu.externaltools.gnu-tools-for-stm32.7-2018-q2-update.win32_1.5.0.202011040924/tools/bin/../lib/gcc/arm-none-eabi/7.3.1/thumb/v6-m/crti.o
 .data          0x0000000000000000        0x0 c:/program files/stmicroelectronics/stm32cubeide_1.5.0/stm32cubeide/plugins/com.st.stm32cube.ide.mcu.externaltools.gnu-tools-for-stm32.7-2018-q2-update.win32_1.5.0.202011040924/tools/bin/../lib/gcc/arm-none-eabi/7.3.1/thumb/v6-m/crti.o
 .bss           0x0000000000000000        0x0 c:/program files/stmicroelectronics/stm32cubeide_1.5.0/stm32cubeide/plugins/com.st.stm32cube.ide.mcu.externaltools.gnu-tools-for-stm32.7-2018-q2-update.win32_1.5.0.202011040924/tools/bin/../lib/gcc/arm-none-eabi/7.3.1/thumb/v6-m/crti.o
 .data          0x0000000000000000        0x4 c:/program files/stmicroelectronics/stm32cubeide_1.5.0/stm32cubeide/plugins/com.st.stm32cube.ide.mcu.externaltools.gnu-tools-for-stm32.7-2018-q2-update.win32_1.5.0.202011040924/tools/bin/../lib/gcc/arm-none-eabi/7.3.1/thumb/v6-m/crtbegin.o
 .text          0x0000000000000000       0x78 c:/program files/stmicroelectronics/stm32cubeide_1.5.0/stm32cubeide/plugins/com.st.stm32cube.ide.mcu.externaltools.gnu-tools-for-stm32.7-2018-q2-update.win32_1.5.0.202011040924/tools/bin/../lib/gcc/arm-none-eabi/7.3.1/../../../../arm-none-eabi/lib/thumb/v6-m/crt0.o
 .data          0x0000000000000000        0x0 c:/program files/stmicroelectronics/stm32cubeide_1.5.0/stm32cubeide/plugins/com.st.stm32cube.ide.mcu.externaltools.gnu-tools-for-stm32.7-2018-q2-update.win32_1.5.0.202011040924/tools/bin/../lib/gcc/arm-none-eabi/7.3.1/../../../../arm-none-eabi/lib/thumb/v6-m/crt0.o
 .bss           0x0000000000000000        0x0 c:/program files/stmicroelectronics/stm32cubeide_1.5.0/stm32cubeide/plugins/com.st.stm32cube.ide.mcu.externaltools.gnu-tools-for-stm32.7-2018-q2-update.win32_1.5.0.202011040924/tools/bin/../lib/gcc/arm-none-eabi/7.3.1/../../../../arm-none-eabi/lib/thumb/v6-m/crt0.o
 .ARM.extab     0x0000000000000000        0x0 c:/program files/stmicroelectronics/stm32cubeide_1.5.0/stm32cubeide/plugins/com.st.stm32cube.ide.mcu.externaltools.gnu-tools-for-stm32.7-2018-q2-update.win32_1.5.0.202011040924/tools/bin/../lib/gcc/arm-none-eabi/7.3.1/../../../../arm-none-eabi/lib/thumb/v6-m/crt0.o
 .ARM.exidx     0x0000000000000000        0x8 c:/program files/stmicroelectronics/stm32cubeide_1.5.0/stm32cubeide/plugins/com.st.stm32cube.ide.mcu.externaltools.gnu-tools-for-stm32.7-2018-q2-update.win32_1.5.0.202011040924/tools/bin/../lib/gcc/arm-none-eabi/7.3.1/../../../../arm-none-eabi/lib/thumb/v6-m/crt0.o
 .ARM.attributes
                0x0000000000000000       0x1b c:/program files/stmicroelectronics/stm32cubeide_1.5.0/stm32cubeide/plugins/com.st.stm32cube.ide.mcu.externaltools.gnu-tools-for-stm32.7-2018-q2-update.win32_1.5.0.202011040924/tools/bin/../lib/gcc/arm-none-eabi/7.3.1/../../../../arm-none-eabi/lib/thumb/v6-m/crt0.o
 .group         0x0000000000000000        0xc Core/Src/main.o
 .group         0x0000000000000000        0xc Core/Src/main.o
 .group         0x0000000000000000        0xc Core/Src/main.o
 .group         0x0000000000000000        0xc Core/Src/main.o
 .group         0x0000000000000000        0xc Core/Src/main.o
 .group         0x0000000000000000        0xc Core/Src/main.o
 .group         0x0000000000000000        0xc Core/Src/main.o
 .group         0x0000000000000000        0xc Core/Src/main.o
 .group         0x0000000000000000        0xc Core/Src/main.o
 .group         0x0000000000000000        0xc Core/Src/main.o
 .group         0x0000000000000000        0xc Core/Src/main.o
 .group         0x0000000000000000        0xc Core/Src/main.o
 .group         0x0000000000000000        0xc Core/Src/main.o
 .group         0x0000000000000000        0xc Core/Src/main.o
 .group         0x0000000000000000        0xc Core/Src/main.o
 .group         0x0000000000000000        0xc Core/Src/main.o
 .group         0x0000000000000000        0xc Core/Src/main.o
 .group         0x0000000000000000        0xc Core/Src/main.o
 .text          0x0000000000000000        0x0 Core/Src/main.o
 .data          0x0000000000000000        0x0 Core/Src/main.o
 .bss           0x0000000000000000        0x0 Core/Src/main.o
 .text          0x0000000000000000       0x14 Core/Startup/startup_stm32f030f4px.o
 .data          0x0000000000000000        0x0 Core/Startup/startup_stm32f030f4px.o
 .bss           0x0000000000000000        0x0 Core/Startup/startup_stm32f030f4px.o
 .group         0x0000000000000000        0xc Drivers/Core/Device/STM32F0xx/Source/RCC_HSI_48_Init.o
 .group         0x0000000000000000        0xc Drivers/Core/Device/STM32F0xx/Source/RCC_HSI_48_Init.o
 .group         0x0000000000000000        0xc Drivers/Core/Device/STM32F0xx/Source/RCC_HSI_48_Init.o
 .group         0x0000000000000000        0xc Drivers/Core/Device/STM32F0xx/Source/RCC_HSI_48_Init.o
 .group         0x0000000000000000        0xc Drivers/Core/Device/STM32F0xx/Source/RCC_HSI_48_Init.o
 .group         0x0000000000000000        0xc Drivers/Core/Device/STM32F0xx/Source/RCC_HSI_48_Init.o
 .group         0x0000000000000000        0xc Drivers/Core/Device/STM32F0xx/Source/RCC_HSI_48_Init.o
 .group         0x0000000000000000        0xc Drivers/Core/Device/STM32F0xx/Source/RCC_HSI_48_Init.o
 .group         0x0000000000000000        0xc Drivers/Core/Device/STM32F0xx/Source/RCC_HSI_48_Init.o
 .group         0x0000000000000000        0xc Drivers/Core/Device/STM32F0xx/Source/RCC_HSI_48_Init.o
 .group         0x0000000000000000        0xc Drivers/Core/Device/STM32F0xx/Source/RCC_HSI_48_Init.o
 .group         0x0000000000000000        0xc Drivers/Core/Device/STM32F0xx/Source/RCC_HSI_48_Init.o
 .group         0x0000000000000000        0xc Drivers/Core/Device/STM32F0xx/Source/RCC_HSI_48_Init.o
 .group         0x0000000000000000        0xc Drivers/Core/Device/STM32F0xx/Source/RCC_HSI_48_Init.o
 .group         0x0000000000000000        0xc Drivers/Core/Device/STM32F0xx/Source/RCC_HSI_48_Init.o
 .group         0x0000000000000000        0xc Drivers/Core/Device/STM32F0xx/Source/RCC_HSI_48_Init.o
 .text          0x0000000000000000        0x0 Drivers/Core/Device/STM32F0xx/Source/RCC_HSI_48_Init.o
 .data          0x0000000000000000        0x0 Drivers/Core/Device/STM32F0xx/Source/RCC_HSI_48_Init.o
 .bss           0x0000000000000000        0x0 Drivers/Core/Device/STM32F0xx/Source/RCC_HSI_48_Init.o
 .debug_macro   0x0000000000000000      0xb20 Drivers/Core/Device/STM32F0xx/Source/RCC_HSI_48_Init.o
 .debug_macro   0x0000000000000000       0x1c Drivers/Core/Device/STM32F0xx/Source/RCC_HSI_48_Init.o
 .debug_macro   0x0000000000000000       0x22 Drivers/Core/Device/STM32F0xx/Source/RCC_HSI_48_Init.o
 .debug_macro   0x0000000000000000       0x8e Drivers/Core/Device/STM32F0xx/Source/RCC_HSI_48_Init.o
 .debug_macro   0x0000000000000000       0x51 Drivers/Core/Device/STM32F0xx/Source/RCC_HSI_48_Init.o
 .debug_macro   0x0000000000000000       0xef Drivers/Core/Device/STM32F0xx/Source/RCC_HSI_48_Init.o
 .debug_macro   0x0000000000000000       0x6a Drivers/Core/Device/STM32F0xx/Source/RCC_HSI_48_Init.o
 .debug_macro   0x0000000000000000      0x1df Drivers/Core/Device/STM32F0xx/Source/RCC_HSI_48_Init.o
 .debug_macro   0x0000000000000000       0x22 Drivers/Core/Device/STM32F0xx/Source/RCC_HSI_48_Init.o
 .debug_macro   0x0000000000000000       0x1c Drivers/Core/Device/STM32F0xx/Source/RCC_HSI_48_Init.o
 .debug_macro   0x0000000000000000       0x22 Drivers/Core/Device/STM32F0xx/Source/RCC_HSI_48_Init.o
 .debug_macro   0x0000000000000000       0xb5 Drivers/Core/Device/STM32F0xx/Source/RCC_HSI_48_Init.o
 .debug_macro   0x0000000000000000      0x391 Drivers/Core/Device/STM32F0xx/Source/RCC_HSI_48_Init.o
 .debug_macro   0x0000000000000000     0x6e60 Drivers/Core/Device/STM32F0xx/Source/RCC_HSI_48_Init.o
 .debug_macro   0x0000000000000000       0x2e Drivers/Core/Device/STM32F0xx/Source/RCC_HSI_48_Init.o
 .debug_macro   0x0000000000000000       0x3c Drivers/Core/Device/STM32F0xx/Source/RCC_HSI_48_Init.o
 .group         0x0000000000000000        0xc Drivers/Core/Device/STM32F0xx/Source/Timers.o
 .group         0x0000000000000000        0xc Drivers/Core/Device/STM32F0xx/Source/Timers.o
 .group         0x0000000000000000        0xc Drivers/Core/Device/STM32F0xx/Source/Timers.o
 .group         0x0000000000000000        0xc Drivers/Core/Device/STM32F0xx/Source/Timers.o
 .group         0x0000000000000000        0xc Drivers/Core/Device/STM32F0xx/Source/Timers.o
 .group         0x0000000000000000        0xc Drivers/Core/Device/STM32F0xx/Source/Timers.o
 .group         0x0000000000000000        0xc Drivers/Core/Device/STM32F0xx/Source/Timers.o
 .group         0x0000000000000000        0xc Drivers/Core/Device/STM32F0xx/Source/Timers.o
 .group         0x0000000000000000        0xc Drivers/Core/Device/STM32F0xx/Source/Timers.o
 .group         0x0000000000000000        0xc Drivers/Core/Device/STM32F0xx/Source/Timers.o
 .group         0x0000000000000000        0xc Drivers/Core/Device/STM32F0xx/Source/Timers.o
 .group         0x0000000000000000        0xc Drivers/Core/Device/STM32F0xx/Source/Timers.o
 .group         0x0000000000000000        0xc Drivers/Core/Device/STM32F0xx/Source/Timers.o
 .group         0x0000000000000000        0xc Drivers/Core/Device/STM32F0xx/Source/Timers.o
 .group         0x0000000000000000        0xc Drivers/Core/Device/STM32F0xx/Source/Timers.o
 .group         0x0000000000000000        0xc Drivers/Core/Device/STM32F0xx/Source/Timers.o
 .group         0x0000000000000000        0xc Drivers/Core/Device/STM32F0xx/Source/Timers.o
 .text          0x0000000000000000        0x0 Drivers/Core/Device/STM32F0xx/Source/Timers.o
 .data          0x0000000000000000        0x0 Drivers/Core/Device/STM32F0xx/Source/Timers.o
 .bss           0x0000000000000000        0x0 Drivers/Core/Device/STM32F0xx/Source/Timers.o
 .text._Z17delayMicrosecondst
                0x0000000000000000        0x2 Drivers/Core/Device/STM32F0xx/Source/Timers.o
 .debug_macro   0x0000000000000000      0xb20 Drivers/Core/Device/STM32F0xx/Source/Timers.o
 .debug_macro   0x0000000000000000       0x1c Drivers/Core/Device/STM32F0xx/Source/Timers.o
 .debug_macro   0x0000000000000000       0x22 Drivers/Core/Device/STM32F0xx/Source/Timers.o
 .debug_macro   0x0000000000000000       0x8e Drivers/Core/Device/STM32F0xx/Source/Timers.o
 .debug_macro   0x0000000000000000       0x51 Drivers/Core/Device/STM32F0xx/Source/Timers.o
 .debug_macro   0x0000000000000000       0xef Drivers/Core/Device/STM32F0xx/Source/Timers.o
 .debug_macro   0x0000000000000000       0x6a Drivers/Core/Device/STM32F0xx/Source/Timers.o
 .debug_macro   0x0000000000000000      0x1df Drivers/Core/Device/STM32F0xx/Source/Timers.o
 .debug_macro   0x0000000000000000       0x22 Drivers/Core/Device/STM32F0xx/Source/Timers.o
 .debug_macro   0x0000000000000000       0x1c Drivers/Core/Device/STM32F0xx/Source/Timers.o
 .debug_macro   0x0000000000000000       0x22 Drivers/Core/Device/STM32F0xx/Source/Timers.o
 .debug_macro   0x0000000000000000       0xb5 Drivers/Core/Device/STM32F0xx/Source/Timers.o
 .debug_macro   0x0000000000000000      0x391 Drivers/Core/Device/STM32F0xx/Source/Timers.o
 .debug_macro   0x0000000000000000     0x6e60 Drivers/Core/Device/STM32F0xx/Source/Timers.o
 .debug_macro   0x0000000000000000       0x2e Drivers/Core/Device/STM32F0xx/Source/Timers.o
 .debug_macro   0x0000000000000000       0x3c Drivers/Core/Device/STM32F0xx/Source/Timers.o
 .debug_macro   0x0000000000000000       0x6a Drivers/Core/Device/STM32F0xx/Source/Timers.o
 .group         0x0000000000000000        0xc Drivers/Core/Device/STM32F0xx/Source/system_stm32f0xx.o
 .group         0x0000000000000000        0xc Drivers/Core/Device/STM32F0xx/Source/system_stm32f0xx.o
 .group         0x0000000000000000        0xc Drivers/Core/Device/STM32F0xx/Source/system_stm32f0xx.o
 .group         0x0000000000000000        0xc Drivers/Core/Device/STM32F0xx/Source/system_stm32f0xx.o
 .group         0x0000000000000000        0xc Drivers/Core/Device/STM32F0xx/Source/system_stm32f0xx.o
 .group         0x0000000000000000        0xc Drivers/Core/Device/STM32F0xx/Source/system_stm32f0xx.o
 .group         0x0000000000000000        0xc Drivers/Core/Device/STM32F0xx/Source/system_stm32f0xx.o
 .group         0x0000000000000000        0xc Drivers/Core/Device/STM32F0xx/Source/system_stm32f0xx.o
 .group         0x0000000000000000        0xc Drivers/Core/Device/STM32F0xx/Source/system_stm32f0xx.o
 .group         0x0000000000000000        0xc Drivers/Core/Device/STM32F0xx/Source/system_stm32f0xx.o
 .group         0x0000000000000000        0xc Drivers/Core/Device/STM32F0xx/Source/system_stm32f0xx.o
 .group         0x0000000000000000        0xc Drivers/Core/Device/STM32F0xx/Source/system_stm32f0xx.o
 .group         0x0000000000000000        0xc Drivers/Core/Device/STM32F0xx/Source/system_stm32f0xx.o
 .group         0x0000000000000000        0xc Drivers/Core/Device/STM32F0xx/Source/system_stm32f0xx.o
 .group         0x0000000000000000        0xc Drivers/Core/Device/STM32F0xx/Source/system_stm32f0xx.o
 .text          0x0000000000000000        0x0 Drivers/Core/Device/STM32F0xx/Source/system_stm32f0xx.o
 .data          0x0000000000000000        0x0 Drivers/Core/Device/STM32F0xx/Source/system_stm32f0xx.o
 .bss           0x0000000000000000        0x0 Drivers/Core/Device/STM32F0xx/Source/system_stm32f0xx.o
 .rodata.APBPrescTable
                0x0000000000000000        0x8 Drivers/Core/Device/STM32F0xx/Source/system_stm32f0xx.o
 .debug_macro   0x0000000000000000       0x2e Drivers/Core/Device/STM32F0xx/Source/system_stm32f0xx.o
 .debug_macro   0x0000000000000000       0x22 Drivers/Core/Device/STM32F0xx/Source/system_stm32f0xx.o
 .debug_macro   0x0000000000000000       0x22 Drivers/Core/Device/STM32F0xx/Source/system_stm32f0xx.o
 .debug_macro   0x0000000000000000       0x8e Drivers/Core/Device/STM32F0xx/Source/system_stm32f0xx.o
 .debug_macro   0x0000000000000000       0x51 Drivers/Core/Device/STM32F0xx/Source/system_stm32f0xx.o
 .debug_macro   0x0000000000000000       0xef Drivers/Core/Device/STM32F0xx/Source/system_stm32f0xx.o
 .debug_macro   0x0000000000000000       0x6a Drivers/Core/Device/STM32F0xx/Source/system_stm32f0xx.o
 .debug_macro   0x0000000000000000      0x1df Drivers/Core/Device/STM32F0xx/Source/system_stm32f0xx.o
 .debug_macro   0x0000000000000000       0x1c Drivers/Core/Device/STM32F0xx/Source/system_stm32f0xx.o
 .debug_macro   0x0000000000000000       0x22 Drivers/Core/Device/STM32F0xx/Source/system_stm32f0xx.o
 .debug_macro   0x0000000000000000       0xb5 Drivers/Core/Device/STM32F0xx/Source/system_stm32f0xx.o
 .debug_macro   0x0000000000000000     0x6e60 Drivers/Core/Device/STM32F0xx/Source/system_stm32f0xx.o
 .debug_macro   0x0000000000000000       0x3c Drivers/Core/Device/STM32F0xx/Source/system_stm32f0xx.o
 .group         0x0000000000000000        0xc Drivers/Library/Src/SButton.o
 .group         0x0000000000000000        0xc Drivers/Library/Src/SButton.o
 .group         0x0000000000000000        0xc Drivers/Library/Src/SButton.o
 .group         0x0000000000000000        0xc Drivers/Library/Src/SButton.o
 .group         0x0000000000000000        0xc Drivers/Library/Src/SButton.o
 .group         0x0000000000000000        0xc Drivers/Library/Src/SButton.o
 .group         0x0000000000000000        0xc Drivers/Library/Src/SButton.o
 .group         0x0000000000000000        0xc Drivers/Library/Src/SButton.o
 .group         0x0000000000000000        0xc Drivers/Library/Src/SButton.o
 .group         0x0000000000000000        0xc Drivers/Library/Src/SButton.o
 .group         0x0000000000000000        0xc Drivers/Library/Src/SButton.o
 .group         0x0000000000000000        0xc Drivers/Library/Src/SButton.o
 .group         0x0000000000000000        0xc Drivers/Library/Src/SButton.o
 .group         0x0000000000000000        0xc Drivers/Library/Src/SButton.o
 .group         0x0000000000000000        0xc Drivers/Library/Src/SButton.o
 .group         0x0000000000000000        0xc Drivers/Library/Src/SButton.o
 .group         0x0000000000000000        0xc Drivers/Library/Src/SButton.o
 .group         0x0000000000000000        0xc Drivers/Library/Src/SButton.o
 .text          0x0000000000000000        0x0 Drivers/Library/Src/SButton.o
 .data          0x0000000000000000        0x0 Drivers/Library/Src/SButton.o
 .bss           0x0000000000000000        0x0 Drivers/Library/Src/SButton.o
 .text._ZN7SButton11setDebounceEt
                0x0000000000000000        0x4 Drivers/Library/Src/SButton.o
 .text._ZN7SButton10setTimeoutEt
                0x0000000000000000        0x4 Drivers/Library/Src/SButton.o
 .text._ZN7SButton15setClickTimeoutEt
                0x0000000000000000        0x4 Drivers/Library/Src/SButton.o
 .text._ZN7SButton14setStepTimeoutEt
                0x0000000000000000        0x4 Drivers/Library/Src/SButton.o
 .text._ZN7SButton12setDirectionEb
                0x0000000000000000       0x12 Drivers/Library/Src/SButton.o
 .text._ZN7SButton9getClicksEv
                0x0000000000000000        0xa Drivers/Library/Src/SButton.o
 .text._ZN7SButton11resetStatesEv
                0x0000000000000000       0x18 Drivers/Library/Src/SButton.o
 .text._ZN7SButton4tickEv
                0x0000000000000000       0xf4 Drivers/Library/Src/SButton.o
 .text._ZN7SButton7isPressEv
                0x0000000000000000       0x1e Drivers/Library/Src/SButton.o
 .text._ZN7SButton9isReleaseEv
                0x0000000000000000       0x1e Drivers/Library/Src/SButton.o
 .text._ZN7SButton7isClickEv
                0x0000000000000000       0x1e Drivers/Library/Src/SButton.o
 .text._ZN7SButton8isHoldedEv
                0x0000000000000000       0x1e Drivers/Library/Src/SButton.o
 .text._ZN7SButton6isHoldEv
                0x0000000000000000       0x16 Drivers/Library/Src/SButton.o
 .text._ZN7SButton5stateEv
                0x0000000000000000       0x12 Drivers/Library/Src/SButton.o
 .text._ZN7SButton8isSingleEv
                0x0000000000000000       0x2c Drivers/Library/Src/SButton.o
 .text._ZN7SButton8isDoubleEv
                0x0000000000000000       0x2c Drivers/Library/Src/SButton.o
 .text._ZN7SButton8isTripleEv
                0x0000000000000000       0x2c Drivers/Library/Src/SButton.o
 .text._ZN7SButton9hasClicksEv
                0x0000000000000000       0x1e Drivers/Library/Src/SButton.o
 .text._ZN7SButton13getHoldClicksEv
                0x0000000000000000       0x1a Drivers/Library/Src/SButton.o
 .text._ZN7SButton6isStepEh
                0x0000000000000000       0x3a Drivers/Library/Src/SButton.o
 .text._ZN7SButton4tickEb
                0x0000000000000000       0x20 Drivers/Library/Src/SButton.o
 .debug_macro   0x0000000000000000      0xb20 Drivers/Library/Src/SButton.o
 .debug_macro   0x0000000000000000       0x1c Drivers/Library/Src/SButton.o
 .debug_macro   0x0000000000000000       0x22 Drivers/Library/Src/SButton.o
 .debug_macro   0x0000000000000000       0x8e Drivers/Library/Src/SButton.o
 .debug_macro   0x0000000000000000       0x51 Drivers/Library/Src/SButton.o
 .debug_macro   0x0000000000000000       0xef Drivers/Library/Src/SButton.o
 .debug_macro   0x0000000000000000       0x6a Drivers/Library/Src/SButton.o
 .debug_macro   0x0000000000000000      0x1df Drivers/Library/Src/SButton.o
 .debug_macro   0x0000000000000000       0x22 Drivers/Library/Src/SButton.o
 .debug_macro   0x0000000000000000       0x1c Drivers/Library/Src/SButton.o
 .debug_macro   0x0000000000000000       0x22 Drivers/Library/Src/SButton.o
 .debug_macro   0x0000000000000000       0xb5 Drivers/Library/Src/SButton.o
 .debug_macro   0x0000000000000000      0x391 Drivers/Library/Src/SButton.o
 .debug_macro   0x0000000000000000     0x6e60 Drivers/Library/Src/SButton.o
 .debug_macro   0x0000000000000000       0x2e Drivers/Library/Src/SButton.o
 .debug_macro   0x0000000000000000       0x3c Drivers/Library/Src/SButton.o
 .debug_macro   0x0000000000000000       0x6a Drivers/Library/Src/SButton.o
 .text          0x0000000000000000        0x0 c:/program files/stmicroelectronics/stm32cubeide_1.5.0/stm32cubeide/plugins/com.st.stm32cube.ide.mcu.externaltools.gnu-tools-for-stm32.7-2018-q2-update.win32_1.5.0.202011040924/tools/bin/../lib/gcc/arm-none-eabi/7.3.1/../../../../arm-none-eabi/lib/thumb/v6-m\libc_nano.a(lib_a-exit.o)
 .data          0x0000000000000000        0x0 c:/program files/stmicroelectronics/stm32cubeide_1.5.0/stm32cubeide/plugins/com.st.stm32cube.ide.mcu.externaltools.gnu-tools-for-stm32.7-2018-q2-update.win32_1.5.0.202011040924/tools/bin/../lib/gcc/arm-none-eabi/7.3.1/../../../../arm-none-eabi/lib/thumb/v6-m\libc_nano.a(lib_a-exit.o)
 .bss           0x0000000000000000        0x0 c:/program files/stmicroelectronics/stm32cubeide_1.5.0/stm32cubeide/plugins/com.st.stm32cube.ide.mcu.externaltools.gnu-tools-for-stm32.7-2018-q2-update.win32_1.5.0.202011040924/tools/bin/../lib/gcc/arm-none-eabi/7.3.1/../../../../arm-none-eabi/lib/thumb/v6-m\libc_nano.a(lib_a-exit.o)
 .text.exit     0x0000000000000000       0x2c c:/program files/stmicroelectronics/stm32cubeide_1.5.0/stm32cubeide/plugins/com.st.stm32cube.ide.mcu.externaltools.gnu-tools-for-stm32.7-2018-q2-update.win32_1.5.0.202011040924/tools/bin/../lib/gcc/arm-none-eabi/7.3.1/../../../../arm-none-eabi/lib/thumb/v6-m\libc_nano.a(lib_a-exit.o)
 .debug_frame   0x0000000000000000       0x28 c:/program files/stmicroelectronics/stm32cubeide_1.5.0/stm32cubeide/plugins/com.st.stm32cube.ide.mcu.externaltools.gnu-tools-for-stm32.7-2018-q2-update.win32_1.5.0.202011040924/tools/bin/../lib/gcc/arm-none-eabi/7.3.1/../../../../arm-none-eabi/lib/thumb/v6-m\libc_nano.a(lib_a-exit.o)
 .ARM.attributes
                0x0000000000000000       0x2c c:/program files/stmicroelectronics/stm32cubeide_1.5.0/stm32cubeide/plugins/com.st.stm32cube.ide.mcu.externaltools.gnu-tools-for-stm32.7-2018-q2-update.win32_1.5.0.202011040924/tools/bin/../lib/gcc/arm-none-eabi/7.3.1/../../../../arm-none-eabi/lib/thumb/v6-m\libc_nano.a(lib_a-exit.o)
 .text          0x0000000000000000        0x0 c:/program files/stmicroelectronics/stm32cubeide_1.5.0/stm32cubeide/plugins/com.st.stm32cube.ide.mcu.externaltools.gnu-tools-for-stm32.7-2018-q2-update.win32_1.5.0.202011040924/tools/bin/../lib/gcc/arm-none-eabi/7.3.1/../../../../arm-none-eabi/lib/thumb/v6-m\libc_nano.a(lib_a-impure.o)
 .data          0x0000000000000000        0x0 c:/program files/stmicroelectronics/stm32cubeide_1.5.0/stm32cubeide/plugins/com.st.stm32cube.ide.mcu.externaltools.gnu-tools-for-stm32.7-2018-q2-update.win32_1.5.0.202011040924/tools/bin/../lib/gcc/arm-none-eabi/7.3.1/../../../../arm-none-eabi/lib/thumb/v6-m\libc_nano.a(lib_a-impure.o)
 .bss           0x0000000000000000        0x0 c:/program files/stmicroelectronics/stm32cubeide_1.5.0/stm32cubeide/plugins/com.st.stm32cube.ide.mcu.externaltools.gnu-tools-for-stm32.7-2018-q2-update.win32_1.5.0.202011040924/tools/bin/../lib/gcc/arm-none-eabi/7.3.1/../../../../arm-none-eabi/lib/thumb/v6-m\libc_nano.a(lib_a-impure.o)
 .data._impure_ptr
                0x0000000000000000        0x4 c:/program files/stmicroelectronics/stm32cubeide_1.5.0/stm32cubeide/plugins/com.st.stm32cube.ide.mcu.externaltools.gnu-tools-for-stm32.7-2018-q2-update.win32_1.5.0.202011040924/tools/bin/../lib/gcc/arm-none-eabi/7.3.1/../../../../arm-none-eabi/lib/thumb/v6-m\libc_nano.a(lib_a-impure.o)
 .data.impure_data
                0x0000000000000000       0x60 c:/program files/stmicroelectronics/stm32cubeide_1.5.0/stm32cubeide/plugins/com.st.stm32cube.ide.mcu.externaltools.gnu-tools-for-stm32.7-2018-q2-update.win32_1.5.0.202011040924/tools/bin/../lib/gcc/arm-none-eabi/7.3.1/../../../../arm-none-eabi/lib/thumb/v6-m\libc_nano.a(lib_a-impure.o)
 .rodata._global_impure_ptr
                0x0000000000000000        0x4 c:/program files/stmicroelectronics/stm32cubeide_1.5.0/stm32cubeide/plugins/com.st.stm32cube.ide.mcu.externaltools.gnu-tools-for-stm32.7-2018-q2-update.win32_1.5.0.202011040924/tools/bin/../lib/gcc/arm-none-eabi/7.3.1/../../../../arm-none-eabi/lib/thumb/v6-m\libc_nano.a(lib_a-impure.o)
 .ARM.attributes
                0x0000000000000000       0x2c c:/program files/stmicroelectronics/stm32cubeide_1.5.0/stm32cubeide/plugins/com.st.stm32cube.ide.mcu.externaltools.gnu-tools-for-stm32.7-2018-q2-update.win32_1.5.0.202011040924/tools/bin/../lib/gcc/arm-none-eabi/7.3.1/../../../../arm-none-eabi/lib/thumb/v6-m\libc_nano.a(lib_a-impure.o)
 .text          0x0000000000000000        0x0 c:/program files/stmicroelectronics/stm32cubeide_1.5.0/stm32cubeide/plugins/com.st.stm32cube.ide.mcu.externaltools.gnu-tools-for-stm32.7-2018-q2-update.win32_1.5.0.202011040924/tools/bin/../lib/gcc/arm-none-eabi/7.3.1/../../../../arm-none-eabi/lib/thumb/v6-m\libc_nano.a(lib_a-init.o)
 .data          0x0000000000000000        0x0 c:/program files/stmicroelectronics/stm32cubeide_1.5.0/stm32cubeide/plugins/com.st.stm32cube.ide.mcu.externaltools.gnu-tools-for-stm32.7-2018-q2-update.win32_1.5.0.202011040924/tools/bin/../lib/gcc/arm-none-eabi/7.3.1/../../../../arm-none-eabi/lib/thumb/v6-m\libc_nano.a(lib_a-init.o)
 .bss           0x0000000000000000        0x0 c:/program files/stmicroelectronics/stm32cubeide_1.5.0/stm32cubeide/plugins/com.st.stm32cube.ide.mcu.externaltools.gnu-tools-for-stm32.7-2018-q2-update.win32_1.5.0.202011040924/tools/bin/../lib/gcc/arm-none-eabi/7.3.1/../../../../arm-none-eabi/lib/thumb/v6-m\libc_nano.a(lib_a-init.o)
 .text          0x0000000000000000        0x0 c:/program files/stmicroelectronics/stm32cubeide_1.5.0/stm32cubeide/plugins/com.st.stm32cube.ide.mcu.externaltools.gnu-tools-for-stm32.7-2018-q2-update.win32_1.5.0.202011040924/tools/bin/../lib/gcc/arm-none-eabi/7.3.1/../../../../arm-none-eabi/lib/thumb/v6-m\libc_nano.a(lib_a-memset.o)
 .data          0x0000000000000000        0x0 c:/program files/stmicroelectronics/stm32cubeide_1.5.0/stm32cubeide/plugins/com.st.stm32cube.ide.mcu.externaltools.gnu-tools-for-stm32.7-2018-q2-update.win32_1.5.0.202011040924/tools/bin/../lib/gcc/arm-none-eabi/7.3.1/../../../../arm-none-eabi/lib/thumb/v6-m\libc_nano.a(lib_a-memset.o)
 .bss           0x0000000000000000        0x0 c:/program files/stmicroelectronics/stm32cubeide_1.5.0/stm32cubeide/plugins/com.st.stm32cube.ide.mcu.externaltools.gnu-tools-for-stm32.7-2018-q2-update.win32_1.5.0.202011040924/tools/bin/../lib/gcc/arm-none-eabi/7.3.1/../../../../arm-none-eabi/lib/thumb/v6-m\libc_nano.a(lib_a-memset.o)
 .text.memset   0x0000000000000000       0x10 c:/program files/stmicroelectronics/stm32cubeide_1.5.0/stm32cubeide/plugins/com.st.stm32cube.ide.mcu.externaltools.gnu-tools-for-stm32.7-2018-q2-update.win32_1.5.0.202011040924/tools/bin/../lib/gcc/arm-none-eabi/7.3.1/../../../../arm-none-eabi/lib/thumb/v6-m\libc_nano.a(lib_a-memset.o)
 .debug_frame   0x0000000000000000       0x20 c:/program files/stmicroelectronics/stm32cubeide_1.5.0/stm32cubeide/plugins/com.st.stm32cube.ide.mcu.externaltools.gnu-tools-for-stm32.7-2018-q2-update.win32_1.5.0.202011040924/tools/bin/../lib/gcc/arm-none-eabi/7.3.1/../../../../arm-none-eabi/lib/thumb/v6-m\libc_nano.a(lib_a-memset.o)
 .ARM.attributes
                0x0000000000000000       0x2c c:/program files/stmicroelectronics/stm32cubeide_1.5.0/stm32cubeide/plugins/com.st.stm32cube.ide.mcu.externaltools.gnu-tools-for-stm32.7-2018-q2-update.win32_1.5.0.202011040924/tools/bin/../lib/gcc/arm-none-eabi/7.3.1/../../../../arm-none-eabi/lib/thumb/v6-m\libc_nano.a(lib_a-memset.o)
 .data          0x0000000000000000        0x0 c:/program files/stmicroelectronics/stm32cubeide_1.5.0/stm32cubeide/plugins/com.st.stm32cube.ide.mcu.externaltools.gnu-tools-for-stm32.7-2018-q2-update.win32_1.5.0.202011040924/tools/bin/../lib/gcc/arm-none-eabi/7.3.1/thumb/v6-m\libgcc.a(_udivsi3.o)
 .bss           0x0000000000000000        0x0 c:/program files/stmicroelectronics/stm32cubeide_1.5.0/stm32cubeide/plugins/com.st.stm32cube.ide.mcu.externaltools.gnu-tools-for-stm32.7-2018-q2-update.win32_1.5.0.202011040924/tools/bin/../lib/gcc/arm-none-eabi/7.3.1/thumb/v6-m\libgcc.a(_udivsi3.o)
 .text          0x0000000000000000      0x1d4 c:/program files/stmicroelectronics/stm32cubeide_1.5.0/stm32cubeide/plugins/com.st.stm32cube.ide.mcu.externaltools.gnu-tools-for-stm32.7-2018-q2-update.win32_1.5.0.202011040924/tools/bin/../lib/gcc/arm-none-eabi/7.3.1/thumb/v6-m\libgcc.a(_divsi3.o)
 .data          0x0000000000000000        0x0 c:/program files/stmicroelectronics/stm32cubeide_1.5.0/stm32cubeide/plugins/com.st.stm32cube.ide.mcu.externaltools.gnu-tools-for-stm32.7-2018-q2-update.win32_1.5.0.202011040924/tools/bin/../lib/gcc/arm-none-eabi/7.3.1/thumb/v6-m\libgcc.a(_divsi3.o)
 .bss           0x0000000000000000        0x0 c:/program files/stmicroelectronics/stm32cubeide_1.5.0/stm32cubeide/plugins/com.st.stm32cube.ide.mcu.externaltools.gnu-tools-for-stm32.7-2018-q2-update.win32_1.5.0.202011040924/tools/bin/../lib/gcc/arm-none-eabi/7.3.1/thumb/v6-m\libgcc.a(_divsi3.o)
 .debug_frame   0x0000000000000000       0x20 c:/program files/stmicroelectronics/stm32cubeide_1.5.0/stm32cubeide/plugins/com.st.stm32cube.ide.mcu.externaltools.gnu-tools-for-stm32.7-2018-q2-update.win32_1.5.0.202011040924/tools/bin/../lib/gcc/arm-none-eabi/7.3.1/thumb/v6-m\libgcc.a(_divsi3.o)
 .ARM.attributes
                0x0000000000000000       0x1e c:/program files/stmicroelectronics/stm32cubeide_1.5.0/stm32cubeide/plugins/com.st.stm32cube.ide.mcu.externaltools.gnu-tools-for-stm32.7-2018-q2-update.win32_1.5.0.202011040924/tools/bin/../lib/gcc/arm-none-eabi/7.3.1/thumb/v6-m\libgcc.a(_divsi3.o)
 .data          0x0000000000000000        0x0 c:/program files/stmicroelectronics/stm32cubeide_1.5.0/stm32cubeide/plugins/com.st.stm32cube.ide.mcu.externaltools.gnu-tools-for-stm32.7-2018-q2-update.win32_1.5.0.202011040924/tools/bin/../lib/gcc/arm-none-eabi/7.3.1/thumb/v6-m\libgcc.a(_dvmd_tls.o)
 .bss           0x0000000000000000        0x0 c:/program files/stmicroelectronics/stm32cubeide_1.5.0/stm32cubeide/plugins/com.st.stm32cube.ide.mcu.externaltools.gnu-tools-for-stm32.7-2018-q2-update.win32_1.5.0.202011040924/tools/bin/../lib/gcc/arm-none-eabi/7.3.1/thumb/v6-m\libgcc.a(_dvmd_tls.o)
 .text          0x0000000000000000        0x0 c:/program files/stmicroelectronics/stm32cubeide_1.5.0/stm32cubeide/plugins/com.st.stm32cube.ide.mcu.externaltools.gnu-tools-for-stm32.7-2018-q2-update.win32_1.5.0.202011040924/tools/bin/../lib/gcc/arm-none-eabi/7.3.1/thumb/v6-m/crtend.o
 .data          0x0000000000000000        0x0 c:/program files/stmicroelectronics/stm32cubeide_1.5.0/stm32cubeide/plugins/com.st.stm32cube.ide.mcu.externaltools.gnu-tools-for-stm32.7-2018-q2-update.win32_1.5.0.202011040924/tools/bin/../lib/gcc/arm-none-eabi/7.3.1/thumb/v6-m/crtend.o
 .bss           0x0000000000000000        0x0 c:/program files/stmicroelectronics/stm32cubeide_1.5.0/stm32cubeide/plugins/com.st.stm32cube.ide.mcu.externaltools.gnu-tools-for-stm32.7-2018-q2-update.win32_1.5.0.202011040924/tools/bin/../lib/gcc/arm-none-eabi/7.3.1/thumb/v6-m/crtend.o
 .eh_frame      0x0000000000000000        0x4 c:/program files/stmicroelectronics/stm32cubeide_1.5.0/stm32cubeide/plugins/com.st.stm32cube.ide.mcu.externaltools.gnu-tools-for-stm32.7-2018-q2-update.win32_1.5.0.202011040924/tools/bin/../lib/gcc/arm-none-eabi/7.3.1/thumb/v6-m/crtend.o
 .ARM.attributes
                0x0000000000000000       0x2c c:/program files/stmicroelectronics/stm32cubeide_1.5.0/stm32cubeide/plugins/com.st.stm32cube.ide.mcu.externaltools.gnu-tools-for-stm32.7-2018-q2-update.win32_1.5.0.202011040924/tools/bin/../lib/gcc/arm-none-eabi/7.3.1/thumb/v6-m/crtend.o
 .text          0x0000000000000000        0x0 c:/program files/stmicroelectronics/stm32cubeide_1.5.0/stm32cubeide/plugins/com.st.stm32cube.ide.mcu.externaltools.gnu-tools-for-stm32.7-2018-q2-update.win32_1.5.0.202011040924/tools/bin/../lib/gcc/arm-none-eabi/7.3.1/thumb/v6-m/crtn.o
 .data          0x0000000000000000        0x0 c:/program files/stmicroelectronics/stm32cubeide_1.5.0/stm32cubeide/plugins/com.st.stm32cube.ide.mcu.externaltools.gnu-tools-for-stm32.7-2018-q2-update.win32_1.5.0.202011040924/tools/bin/../lib/gcc/arm-none-eabi/7.3.1/thumb/v6-m/crtn.o
 .bss           0x0000000000000000        0x0 c:/program files/stmicroelectronics/stm32cubeide_1.5.0/stm32cubeide/plugins/com.st.stm32cube.ide.mcu.externaltools.gnu-tools-for-stm32.7-2018-q2-update.win32_1.5.0.202011040924/tools/bin/../lib/gcc/arm-none-eabi/7.3.1/thumb/v6-m/crtn.o

Memory Configuration

Name             Origin             Length             Attributes
RAM              0x0000000020000000 0x0000000000001000 xrw
FLASH            0x0000000008000000 0x0000000000004000 xr
*default*        0x0000000000000000 0xffffffffffffffff

Linker script and memory map

LOAD c:/program files/stmicroelectronics/stm32cubeide_1.5.0/stm32cubeide/plugins/com.st.stm32cube.ide.mcu.externaltools.gnu-tools-for-stm32.7-2018-q2-update.win32_1.5.0.202011040924/tools/bin/../lib/gcc/arm-none-eabi/7.3.1/thumb/v6-m/crti.o
LOAD c:/program files/stmicroelectronics/stm32cubeide_1.5.0/stm32cubeide/plugins/com.st.stm32cube.ide.mcu.externaltools.gnu-tools-for-stm32.7-2018-q2-update.win32_1.5.0.202011040924/tools/bin/../lib/gcc/arm-none-eabi/7.3.1/thumb/v6-m/crtbegin.o
LOAD c:/program files/stmicroelectronics/stm32cubeide_1.5.0/stm32cubeide/plugins/com.st.stm32cube.ide.mcu.externaltools.gnu-tools-for-stm32.7-2018-q2-update.win32_1.5.0.202011040924/tools/bin/../lib/gcc/arm-none-eabi/7.3.1/../../../../arm-none-eabi/lib/thumb/v6-m/crt0.o
LOAD Core/Src/main.o
LOAD Core/Startup/startup_stm32f030f4px.o
LOAD Drivers/Core/Device/STM32F0xx/Source/RCC_HSI_48_Init.o
LOAD Drivers/Core/Device/STM32F0xx/Source/Timers.o
LOAD Drivers/Core/Device/STM32F0xx/Source/system_stm32f0xx.o
LOAD Drivers/Library/Src/SButton.o
START GROUP
LOAD c:/program files/stmicroelectronics/stm32cubeide_1.5.0/stm32cubeide/plugins/com.st.stm32cube.ide.mcu.externaltools.gnu-tools-for-stm32.7-2018-q2-update.win32_1.5.0.202011040924/tools/bin/../lib/gcc/arm-none-eabi/7.3.1/../../../../arm-none-eabi/lib/thumb/v6-m\libstdc++_nano.a
LOAD c:/program files/stmicroelectronics/stm32cubeide_1.5.0/stm32cubeide/plugins/com.st.stm32cube.ide.mcu.externaltools.gnu-tools-for-stm32.7-2018-q2-update.win32_1.5.0.202011040924/tools/bin/../lib/gcc/arm-none-eabi/7.3.1/../../../../arm-none-eabi/lib/thumb/v6-m\libsupc++_nano.a
END GROUP
LOAD c:/program files/stmicroelectronics/stm32cubeide_1.5.0/stm32cubeide/plugins/com.st.stm32cube.ide.mcu.externaltools.gnu-tools-for-stm32.7-2018-q2-update.win32_1.5.0.202011040924/tools/bin/../lib/gcc/arm-none-eabi/7.3.1/../../../../arm-none-eabi/lib/thumb/v6-m\libstdc++_nano.a
LOAD c:/program files/stmicroelectronics/stm32cubeide_1.5.0/stm32cubeide/plugins/com.st.stm32cube.ide.mcu.externaltools.gnu-tools-for-stm32.7-2018-q2-update.win32_1.5.0.202011040924/tools/bin/../lib/gcc/arm-none-eabi/7.3.1/../../../../arm-none-eabi/lib/thumb/v6-m\libm.a
LOAD c:/program files/stmicroelectronics/stm32cubeide_1.5.0/stm32cubeide/plugins/com.st.stm32cube.ide.mcu.externaltools.gnu-tools-for-stm32.7-2018-q2-update.win32_1.5.0.202011040924/tools/bin/../lib/gcc/arm-none-eabi/7.3.1/../../../../arm-none-eabi/lib/thumb/v6-m\libc_nano.a
START GROUP
LOAD c:/program files/stmicroelectronics/stm32cubeide_1.5.0/stm32cubeide/plugins/com.st.stm32cube.ide.mcu.externaltools.gnu-tools-for-stm32.7-2018-q2-update.win32_1.5.0.202011040924/tools/bin/../lib/gcc/arm-none-eabi/7.3.1/thumb/v6-m\libgcc.a
LOAD c:/program files/stmicroelectronics/stm32cubeide_1.5.0/stm32cubeide/plugins/com.st.stm32cube.ide.mcu.externaltools.gnu-tools-for-stm32.7-2018-q2-update.win32_1.5.0.202011040924/tools/bin/../lib/gcc/arm-none-eabi/7.3.1/../../../../arm-none-eabi/lib/thumb/v6-m\libc_nano.a
END GROUP
START GROUP
LOAD c:/program files/stmicroelectronics/stm32cubeide_1.5.0/stm32cubeide/plugins/com.st.stm32cube.ide.mcu.externaltools.gnu-tools-for-stm32.7-2018-q2-update.win32_1.5.0.202011040924/tools/bin/../lib/gcc/arm-none-eabi/7.3.1/thumb/v6-m\libgcc.a
LOAD c:/program files/stmicroelectronics/stm32cubeide_1.5.0/stm32cubeide/plugins/com.st.stm32cube.ide.mcu.externaltools.gnu-tools-for-stm32.7-2018-q2-update.win32_1.5.0.202011040924/tools/bin/../lib/gcc/arm-none-eabi/7.3.1/../../../../arm-none-eabi/lib/thumb/v6-m\libc_nano.a
END GROUP
LOAD c:/program files/stmicroelectronics/stm32cubeide_1.5.0/stm32cubeide/plugins/com.st.stm32cube.ide.mcu.externaltools.gnu-tools-for-stm32.7-2018-q2-update.win32_1.5.0.202011040924/tools/bin/../lib/gcc/arm-none-eabi/7.3.1/thumb/v6-m/crtend.o
LOAD c:/program files/stmicroelectronics/stm32cubeide_1.5.0/stm32cubeide/plugins/com.st.stm32cube.ide.mcu.externaltools.gnu-tools-for-stm32.7-2018-q2-update.win32_1.5.0.202011040924/tools/bin/../lib/gcc/arm-none-eabi/7.3.1/thumb/v6-m/crtn.o
                0x0000000020001000                _estack = (ORIGIN (RAM) + LENGTH (RAM))
                0x0000000000000200                _Min_Heap_Size = 0x200
                0x0000000000000400                _Min_Stack_Size = 0x400

.isr_vector     0x0000000008000000       0xc0
                0x0000000008000000                . = ALIGN (0x4)
 *(.isr_vector)
 .isr_vector    0x0000000008000000       0xc0 Core/Startup/startup_stm32f030f4px.o
                0x0000000008000000                g_pfnVectors
                0x00000000080000c0                . = ALIGN (0x4)

.text           0x00000000080000c0      0x550
                0x00000000080000c0                . = ALIGN (0x4)
 *(.text)
 .text          0x00000000080000c0       0x48 c:/program files/stmicroelectronics/stm32cubeide_1.5.0/stm32cubeide/plugins/com.st.stm32cube.ide.mcu.externaltools.gnu-tools-for-stm32.7-2018-q2-update.win32_1.5.0.202011040924/tools/bin/../lib/gcc/arm-none-eabi/7.3.1/thumb/v6-m/crtbegin.o
 .text          0x0000000008000108      0x114 c:/program files/stmicroelectronics/stm32cubeide_1.5.0/stm32cubeide/plugins/com.st.stm32cube.ide.mcu.externaltools.gnu-tools-for-stm32.7-2018-q2-update.win32_1.5.0.202011040924/tools/bin/../lib/gcc/arm-none-eabi/7.3.1/thumb/v6-m\libgcc.a(_udivsi3.o)
                0x0000000008000108                __aeabi_uidiv
                0x0000000008000108                __udivsi3
                0x0000000008000214                __aeabi_uidivmod
 .text          0x000000000800021c        0x4 c:/program files/stmicroelectronics/stm32cubeide_1.5.0/stm32cubeide/plugins/com.st.stm32cube.ide.mcu.externaltools.gnu-tools-for-stm32.7-2018-q2-update.win32_1.5.0.202011040924/tools/bin/../lib/gcc/arm-none-eabi/7.3.1/thumb/v6-m\libgcc.a(_dvmd_tls.o)
                0x000000000800021c                __aeabi_idiv0
                0x000000000800021c                __aeabi_ldiv0
 *(.text*)
 .text.startup.main
                0x0000000008000220       0x88 Core/Src/main.o
                0x0000000008000220                main
 .text.Reset_Handler
                0x00000000080002a8       0x50 Core/Startup/startup_stm32f030f4px.o
                0x00000000080002a8                Reset_Handler
 .text.Default_Handler
                0x00000000080002f8        0x2 Core/Startup/startup_stm32f030f4px.o
                0x00000000080002f8                TIM1_CC_IRQHandler
                0x00000000080002f8                HardFault_Handler
                0x00000000080002f8                PendSV_Handler
                0x00000000080002f8                NMI_Handler
                0x00000000080002f8                I2C1_IRQHandler
                0x00000000080002f8                SPI1_IRQHandler
                0x00000000080002f8                EXTI2_3_IRQHandler
                0x00000000080002f8                ADC1_IRQHandler
                0x00000000080002f8                TIM17_IRQHandler
                0x00000000080002f8                RTC_IRQHandler
                0x00000000080002f8                TIM16_IRQHandler
                0x00000000080002f8                TIM3_IRQHandler
                0x00000000080002f8                EXTI4_15_IRQHandler
                0x00000000080002f8                RCC_IRQHandler
                0x00000000080002f8                DMA1_Channel1_IRQHandler
                0x00000000080002f8                Default_Handler
                0x00000000080002f8                TIM14_IRQHandler
                0x00000000080002f8                DMA1_Channel4_5_IRQHandler
                0x00000000080002f8                EXTI0_1_IRQHandler
                0x00000000080002f8                SVC_Handler
                0x00000000080002f8                WWDG_IRQHandler
                0x00000000080002f8                DMA1_Channel2_3_IRQHandler
                0x00000000080002f8                FLASH_IRQHandler
                0x00000000080002f8                USART1_IRQHandler
                0x00000000080002f8                TIM1_BRK_UP_TRG_COM_IRQHandler
 *fill*         0x00000000080002fa        0x2 
 .text._Z18SystemClock_Configv
                0x00000000080002fc       0x88 Drivers/Core/Device/STM32F0xx/Source/RCC_HSI_48_Init.o
                0x00000000080002fc                SystemClock_Config()
 .text._Z13SysTickConfigv
                0x0000000008000384       0x60 Drivers/Core/Device/STM32F0xx/Source/Timers.o
                0x0000000008000384                SysTickConfig()
 .text.SysTick_Handler
                0x00000000080003e4       0x18 Drivers/Core/Device/STM32F0xx/Source/Timers.o
                0x00000000080003e4                SysTick_Handler
 .text._Z6millisv
                0x00000000080003fc        0xc Drivers/Core/Device/STM32F0xx/Source/Timers.o
                0x00000000080003fc                millis()
 .text._Z6microsv
                0x0000000008000408       0x2c Drivers/Core/Device/STM32F0xx/Source/Timers.o
                0x0000000008000408                micros()
 .text._Z5delayt
                0x0000000008000434       0x18 Drivers/Core/Device/STM32F0xx/Source/Timers.o
                0x0000000008000434                delay(unsigned short)
 .text.SystemInit
                0x000000000800044c        0x2 Drivers/Core/Device/STM32F0xx/Source/system_stm32f0xx.o
                0x000000000800044c                SystemInit
 *fill*         0x000000000800044e        0x2 
 .text.SystemCoreClockUpdate
                0x0000000008000450       0x60 Drivers/Core/Device/STM32F0xx/Source/system_stm32f0xx.o
                0x0000000008000450                SystemCoreClockUpdate
 .text._ZN7SButtonC2EP12GPIO_TypeDeftbb
                0x00000000080004b0       0xec Drivers/Library/Src/SButton.o
                0x00000000080004b0                SButton::SButton(GPIO_TypeDef*, unsigned short, bool, bool)
                0x00000000080004b0                SButton::SButton(GPIO_TypeDef*, unsigned short, bool, bool)
 .text._ZN7SButton11setTickModeEb
                0x000000000800059c       0x12 Drivers/Library/Src/SButton.o
                0x000000000800059c                SButton::setTickMode(bool)
 *fill*         0x00000000080005ae        0x2 
 .text.__libc_init_array
                0x00000000080005b0       0x48 c:/program files/stmicroelectronics/stm32cubeide_1.5.0/stm32cubeide/plugins/com.st.stm32cube.ide.mcu.externaltools.gnu-tools-for-stm32.7-2018-q2-update.win32_1.5.0.202011040924/tools/bin/../lib/gcc/arm-none-eabi/7.3.1/../../../../arm-none-eabi/lib/thumb/v6-m\libc_nano.a(lib_a-init.o)
                0x00000000080005b0                __libc_init_array
 *(.glue_7)
 .glue_7        0x00000000080005f8        0x0 linker stubs
 *(.glue_7t)
 .glue_7t       0x00000000080005f8        0x0 linker stubs
 *(.eh_frame)
 .eh_frame      0x00000000080005f8        0x0 c:/program files/stmicroelectronics/stm32cubeide_1.5.0/stm32cubeide/plugins/com.st.stm32cube.ide.mcu.externaltools.gnu-tools-for-stm32.7-2018-q2-update.win32_1.5.0.202011040924/tools/bin/../lib/gcc/arm-none-eabi/7.3.1/thumb/v6-m/crtbegin.o
 *(.init)
 .init          0x00000000080005f8        0x4 c:/program files/stmicroelectronics/stm32cubeide_1.5.0/stm32cubeide/plugins/com.st.stm32cube.ide.mcu.externaltools.gnu-tools-for-stm32.7-2018-q2-update.win32_1.5.0.202011040924/tools/bin/../lib/gcc/arm-none-eabi/7.3.1/thumb/v6-m/crti.o
                0x00000000080005f8                _init
 .init          0x00000000080005fc        0x8 c:/program files/stmicroelectronics/stm32cubeide_1.5.0/stm32cubeide/plugins/com.st.stm32cube.ide.mcu.externaltools.gnu-tools-for-stm32.7-2018-q2-update.win32_1.5.0.202011040924/tools/bin/../lib/gcc/arm-none-eabi/7.3.1/thumb/v6-m/crtn.o
 *(.fini)
 .fini          0x0000000008000604        0x4 c:/program files/stmicroelectronics/stm32cubeide_1.5.0/stm32cubeide/plugins/com.st.stm32cube.ide.mcu.externaltools.gnu-tools-for-stm32.7-2018-q2-update.win32_1.5.0.202011040924/tools/bin/../lib/gcc/arm-none-eabi/7.3.1/thumb/v6-m/crti.o
                0x0000000008000604                _fini
 .fini          0x0000000008000608        0x8 c:/program files/stmicroelectronics/stm32cubeide_1.5.0/stm32cubeide/plugins/com.st.stm32cube.ide.mcu.externaltools.gnu-tools-for-stm32.7-2018-q2-update.win32_1.5.0.202011040924/tools/bin/../lib/gcc/arm-none-eabi/7.3.1/thumb/v6-m/crtn.o
                0x0000000008000610                . = ALIGN (0x4)
                0x0000000008000610                _etext = .

.vfp11_veneer   0x0000000008000610        0x0
 .vfp11_veneer  0x0000000008000610        0x0 linker stubs

.v4_bx          0x0000000008000610        0x0
 .v4_bx         0x0000000008000610        0x0 linker stubs

.iplt           0x0000000008000610        0x0
 .iplt          0x0000000008000610        0x0 c:/program files/stmicroelectronics/stm32cubeide_1.5.0/stm32cubeide/plugins/com.st.stm32cube.ide.mcu.externaltools.gnu-tools-for-stm32.7-2018-q2-update.win32_1.5.0.202011040924/tools/bin/../lib/gcc/arm-none-eabi/7.3.1/thumb/v6-m/crtbegin.o

.rodata         0x0000000008000610       0x10
                0x0000000008000610                . = ALIGN (0x4)
 *(.rodata)
 *(.rodata*)
 .rodata.AHBPrescTable
                0x0000000008000610       0x10 Drivers/Core/Device/STM32F0xx/Source/system_stm32f0xx.o
                0x0000000008000610                AHBPrescTable
                0x0000000008000620                . = ALIGN (0x4)

.rel.dyn        0x0000000008000620        0x0
 .rel.iplt      0x0000000008000620        0x0 c:/program files/stmicroelectronics/stm32cubeide_1.5.0/stm32cubeide/plugins/com.st.stm32cube.ide.mcu.externaltools.gnu-tools-for-stm32.7-2018-q2-update.win32_1.5.0.202011040924/tools/bin/../lib/gcc/arm-none-eabi/7.3.1/thumb/v6-m/crtbegin.o

.ARM.extab      0x0000000008000620        0x0
                0x0000000008000620                . = ALIGN (0x4)
 *(.ARM.extab* .gnu.linkonce.armextab.*)
                0x0000000008000620                . = ALIGN (0x4)

.ARM            0x0000000008000620        0x0
                0x0000000008000620                . = ALIGN (0x4)
                0x0000000008000620                __exidx_start = .
 *(.ARM.exidx*)
                0x0000000008000620                __exidx_end = .
                0x0000000008000620                . = ALIGN (0x4)

.preinit_array  0x0000000008000620        0x0
                0x0000000008000620                . = ALIGN (0x4)
                0x0000000008000620                PROVIDE (__preinit_array_start = .)
 *(.preinit_array*)
                0x0000000008000620                PROVIDE (__preinit_array_end = .)
                0x0000000008000620                . = ALIGN (0x4)

.init_array     0x0000000008000620        0x4
                0x0000000008000620                . = ALIGN (0x4)
                0x0000000008000620                PROVIDE (__init_array_start = .)
 *(SORT_BY_NAME(.init_array.*))
 *(.init_array*)
 .init_array    0x0000000008000620        0x4 c:/program files/stmicroelectronics/stm32cubeide_1.5.0/stm32cubeide/plugins/com.st.stm32cube.ide.mcu.externaltools.gnu-tools-for-stm32.7-2018-q2-update.win32_1.5.0.202011040924/tools/bin/../lib/gcc/arm-none-eabi/7.3.1/thumb/v6-m/crtbegin.o
                0x0000000008000624                PROVIDE (__init_array_end = .)
                0x0000000008000624                . = ALIGN (0x4)

.fini_array     0x0000000008000624        0x4
                0x0000000008000624                . = ALIGN (0x4)
                [!provide]                        PROVIDE (__fini_array_start = .)
 *(SORT_BY_NAME(.fini_array.*))
 *(.fini_array*)
 .fini_array    0x0000000008000624        0x4 c:/program files/stmicroelectronics/stm32cubeide_1.5.0/stm32cubeide/plugins/com.st.stm32cube.ide.mcu.externaltools.gnu-tools-for-stm32.7-2018-q2-update.win32_1.5.0.202011040924/tools/bin/../lib/gcc/arm-none-eabi/7.3.1/thumb/v6-m/crtbegin.o
                [!provide]                        PROVIDE (__fini_array_end = .)
                0x0000000008000628                . = ALIGN (0x4)
                0x0000000008000628                _sidata = LOADADDR (.data)

.data           0x0000000020000000        0x4 load address 0x0000000008000628
                0x0000000020000000                . = ALIGN (0x4)
                0x0000000020000000                _sdata = .
 *(.data)
 *(.data*)
 .data.SystemCoreClock
                0x0000000020000000        0x4 Drivers/Core/Device/STM32F0xx/Source/system_stm32f0xx.o
                0x0000000020000000                SystemCoreClock
                0x0000000020000004                . = ALIGN (0x4)
                0x0000000020000004                _edata = .

.igot.plt       0x0000000020000004        0x0 load address 0x000000000800062c
 .igot.plt      0x0000000020000004        0x0 c:/program files/stmicroelectronics/stm32cubeide_1.5.0/stm32cubeide/plugins/com.st.stm32cube.ide.mcu.externaltools.gnu-tools-for-stm32.7-2018-q2-update.win32_1.5.0.202011040924/tools/bin/../lib/gcc/arm-none-eabi/7.3.1/thumb/v6-m/crtbegin.o
                0x0000000020000004                . = ALIGN (0x4)

.bss            0x0000000020000004       0x2c load address 0x000000000800062c
                0x0000000020000004                _sbss = .
                0x0000000020000004                __bss_start__ = _sbss
 *(.bss)
 .bss           0x0000000020000004       0x1c c:/program files/stmicroelectronics/stm32cubeide_1.5.0/stm32cubeide/plugins/com.st.stm32cube.ide.mcu.externaltools.gnu-tools-for-stm32.7-2018-q2-update.win32_1.5.0.202011040924/tools/bin/../lib/gcc/arm-none-eabi/7.3.1/thumb/v6-m/crtbegin.o
 *(.bss*)
 .bss.Temp_micros
                0x0000000020000020        0x4 Core/Src/main.o
                0x0000000020000020                Temp_micros
 .bss.Temp_millis
                0x0000000020000024        0x4 Core/Src/main.o
                0x0000000020000024                Temp_millis
 .bss._CyclePerMicroseconds
                0x0000000020000028        0x4 Drivers/Core/Device/STM32F0xx/Source/Timers.o
                0x0000000020000028                _CyclePerMicroseconds
 .bss._ZL15_SysTickCounter
                0x000000002000002c        0x4 Drivers/Core/Device/STM32F0xx/Source/Timers.o
 *(COMMON)
                0x0000000020000030                . = ALIGN (0x4)
                0x0000000020000030                _ebss = .
                0x0000000020000030                __bss_end__ = _ebss

._user_heap_stack
                0x0000000020000030      0x600 load address 0x000000000800062c
                0x0000000020000030                . = ALIGN (0x8)
                [!provide]                        PROVIDE (end = .)
                [!provide]                        PROVIDE (_end = .)
                0x0000000020000230                . = (. + _Min_Heap_Size)
 *fill*         0x0000000020000030      0x200 
                0x0000000020000630                . = (. + _Min_Stack_Size)
 *fill*         0x0000000020000230      0x400 
                0x0000000020000630                . = ALIGN (0x8)

/DISCARD/
 libc.a(*)
 libm.a(*)
 libgcc.a(*)

.ARM.attributes
                0x0000000000000000       0x28
 *(.ARM.attributes)
 .ARM.attributes
                0x0000000000000000       0x1e c:/program files/stmicroelectronics/stm32cubeide_1.5.0/stm32cubeide/plugins/com.st.stm32cube.ide.mcu.externaltools.gnu-tools-for-stm32.7-2018-q2-update.win32_1.5.0.202011040924/tools/bin/../lib/gcc/arm-none-eabi/7.3.1/thumb/v6-m/crti.o
 .ARM.attributes
                0x000000000000001e       0x2c c:/program files/stmicroelectronics/stm32cubeide_1.5.0/stm32cubeide/plugins/com.st.stm32cube.ide.mcu.externaltools.gnu-tools-for-stm32.7-2018-q2-update.win32_1.5.0.202011040924/tools/bin/../lib/gcc/arm-none-eabi/7.3.1/thumb/v6-m/crtbegin.o
 .ARM.attributes
                0x000000000000004a       0x31 Core/Src/main.o
 .ARM.attributes
                0x000000000000007b       0x21 Core/Startup/startup_stm32f030f4px.o
 .ARM.attributes
                0x000000000000009c       0x31 Drivers/Core/Device/STM32F0xx/Source/RCC_HSI_48_Init.o
 .ARM.attributes
                0x00000000000000cd       0x31 Drivers/Core/Device/STM32F0xx/Source/Timers.o
 .ARM.attributes
                0x00000000000000fe       0x31 Drivers/Core/Device/STM32F0xx/Source/system_stm32f0xx.o
 .ARM.attributes
                0x000000000000012f       0x31 Drivers/Library/Src/SButton.o
 .ARM.attributes
                0x0000000000000160       0x2c c:/program files/stmicroelectronics/stm32cubeide_1.5.0/stm32cubeide/plugins/com.st.stm32cube.ide.mcu.externaltools.gnu-tools-for-stm32.7-2018-q2-update.win32_1.5.0.202011040924/tools/bin/../lib/gcc/arm-none-eabi/7.3.1/../../../../arm-none-eabi/lib/thumb/v6-m\libc_nano.a(lib_a-init.o)
 .ARM.attributes
                0x000000000000018c       0x1e c:/program files/stmicroelectronics/stm32cubeide_1.5.0/stm32cubeide/plugins/com.st.stm32cube.ide.mcu.externaltools.gnu-tools-for-stm32.7-2018-q2-update.win32_1.5.0.202011040924/tools/bin/../lib/gcc/arm-none-eabi/7.3.1/thumb/v6-m\libgcc.a(_udivsi3.o)
 .ARM.attributes
                0x00000000000001aa       0x1e c:/program files/stmicroelectronics/stm32cubeide_1.5.0/stm32cubeide/plugins/com.st.stm32cube.ide.mcu.externaltools.gnu-tools-for-stm32.7-2018-q2-update.win32_1.5.0.202011040924/tools/bin/../lib/gcc/arm-none-eabi/7.3.1/thumb/v6-m\libgcc.a(_dvmd_tls.o)
 .ARM.attributes
                0x00000000000001c8       0x1e c:/program files/stmicroelectronics/stm32cubeide_1.5.0/stm32cubeide/plugins/com.st.stm32cube.ide.mcu.externaltools.gnu-tools-for-stm32.7-2018-q2-update.win32_1.5.0.202011040924/tools/bin/../lib/gcc/arm-none-eabi/7.3.1/thumb/v6-m/crtn.o
OUTPUT(Test_Core.elf elf32-littlearm)

.debug_info     0x0000000000000000     0x1f31
 .debug_info    0x0000000000000000      0x857 Core/Src/main.o
 .debug_info    0x0000000000000857       0x22 Core/Startup/startup_stm32f030f4px.o
 .debug_info    0x0000000000000879      0x282 Drivers/Core/Device/STM32F0xx/Source/RCC_HSI_48_Init.o
 .debug_info    0x0000000000000afb      0x5d1 Drivers/Core/Device/STM32F0xx/Source/Timers.o
 .debug_info    0x00000000000010cc      0x246 Drivers/Core/Device/STM32F0xx/Source/system_stm32f0xx.o
 .debug_info    0x0000000000001312      0xc1f Drivers/Library/Src/SButton.o

.debug_abbrev   0x0000000000000000      0x8c2
 .debug_abbrev  0x0000000000000000      0x1bb Core/Src/main.o
 .debug_abbrev  0x00000000000001bb       0x12 Core/Startup/startup_stm32f030f4px.o
 .debug_abbrev  0x00000000000001cd      0x119 Drivers/Core/Device/STM32F0xx/Source/RCC_HSI_48_Init.o
 .debug_abbrev  0x00000000000002e6      0x255 Drivers/Core/Device/STM32F0xx/Source/Timers.o
 .debug_abbrev  0x000000000000053b      0x100 Drivers/Core/Device/STM32F0xx/Source/system_stm32f0xx.o
 .debug_abbrev  0x000000000000063b      0x287 Drivers/Library/Src/SButton.o

.debug_aranges  0x0000000000000000      0x1a8
 .debug_aranges
                0x0000000000000000       0x20 Core/Src/main.o
 .debug_aranges
                0x0000000000000020       0x28 Core/Startup/startup_stm32f030f4px.o
 .debug_aranges
                0x0000000000000048       0x20 Drivers/Core/Device/STM32F0xx/Source/RCC_HSI_48_Init.o
 .debug_aranges
                0x0000000000000068       0x48 Drivers/Core/Device/STM32F0xx/Source/Timers.o
 .debug_aranges
                0x00000000000000b0       0x28 Drivers/Core/Device/STM32F0xx/Source/system_stm32f0xx.o
 .debug_aranges
                0x00000000000000d8       0xd0 Drivers/Library/Src/SButton.o

.debug_ranges   0x0000000000000000      0x198
 .debug_ranges  0x0000000000000000       0x10 Core/Src/main.o
 .debug_ranges  0x0000000000000010       0x20 Core/Startup/startup_stm32f030f4px.o
 .debug_ranges  0x0000000000000030       0x10 Drivers/Core/Device/STM32F0xx/Source/RCC_HSI_48_Init.o
 .debug_ranges  0x0000000000000040       0x58 Drivers/Core/Device/STM32F0xx/Source/Timers.o
 .debug_ranges  0x0000000000000098       0x18 Drivers/Core/Device/STM32F0xx/Source/system_stm32f0xx.o
 .debug_ranges  0x00000000000000b0       0xe8 Drivers/Library/Src/SButton.o

.debug_macro    0x0000000000000000     0x9642
 .debug_macro   0x0000000000000000      0x126 Core/Src/main.o
 .debug_macro   0x0000000000000126      0xb20 Core/Src/main.o
 .debug_macro   0x0000000000000c46       0x1c Core/Src/main.o
 .debug_macro   0x0000000000000c62       0x22 Core/Src/main.o
 .debug_macro   0x0000000000000c84       0x8e Core/Src/main.o
 .debug_macro   0x0000000000000d12       0x51 Core/Src/main.o
 .debug_macro   0x0000000000000d63       0xef Core/Src/main.o
 .debug_macro   0x0000000000000e52       0x6a Core/Src/main.o
 .debug_macro   0x0000000000000ebc      0x1df Core/Src/main.o
 .debug_macro   0x000000000000109b       0x22 Core/Src/main.o
 .debug_macro   0x00000000000010bd       0x1c Core/Src/main.o
 .debug_macro   0x00000000000010d9       0x22 Core/Src/main.o
 .debug_macro   0x00000000000010fb       0xb5 Core/Src/main.o
 .debug_macro   0x00000000000011b0      0x391 Core/Src/main.o
 .debug_macro   0x0000000000001541     0x6e60 Core/Src/main.o
 .debug_macro   0x00000000000083a1       0x2e Core/Src/main.o
 .debug_macro   0x00000000000083cf       0x3c Core/Src/main.o
 .debug_macro   0x000000000000840b       0x6a Core/Src/main.o
 .debug_macro   0x0000000000008475       0x34 Core/Src/main.o
 .debug_macro   0x00000000000084a9       0xda Drivers/Core/Device/STM32F0xx/Source/RCC_HSI_48_Init.o
 .debug_macro   0x0000000000008583       0xf1 Drivers/Core/Device/STM32F0xx/Source/Timers.o
 .debug_macro   0x0000000000008674       0xcb Drivers/Core/Device/STM32F0xx/Source/system_stm32f0xx.o
 .debug_macro   0x000000000000873f      0xa48 Drivers/Core/Device/STM32F0xx/Source/system_stm32f0xx.o
 .debug_macro   0x0000000000009187      0x391 Drivers/Core/Device/STM32F0xx/Source/system_stm32f0xx.o
 .debug_macro   0x0000000000009518       0xfc Drivers/Library/Src/SButton.o
 .debug_macro   0x0000000000009614       0x2e Drivers/Library/Src/SButton.o

.debug_line     0x0000000000000000     0x2149
 .debug_line    0x0000000000000000      0x5ff Core/Src/main.o
 .debug_line    0x00000000000005ff       0x89 Core/Startup/startup_stm32f030f4px.o
 .debug_line    0x0000000000000688      0x5d1 Drivers/Core/Device/STM32F0xx/Source/RCC_HSI_48_Init.o
 .debug_line    0x0000000000000c59      0x660 Drivers/Core/Device/STM32F0xx/Source/Timers.o
 .debug_line    0x00000000000012b9      0x599 Drivers/Core/Device/STM32F0xx/Source/system_stm32f0xx.o
 .debug_line    0x0000000000001852      0x8f7 Drivers/Library/Src/SButton.o

.debug_str      0x0000000000000000    0x2cbbb
 .debug_str     0x0000000000000000    0x2c513 Core/Src/main.o
                                      0x2c6e6 (size before relaxing)
 .debug_str     0x000000000002c513       0x77 Core/Startup/startup_stm32f030f4px.o
 .debug_str     0x000000000002c58a       0xe7 Drivers/Core/Device/STM32F0xx/Source/RCC_HSI_48_Init.o
                                      0x2bf1f (size before relaxing)
 .debug_str     0x000000000002c671      0x271 Drivers/Core/Device/STM32F0xx/Source/Timers.o
                                      0x2c42d (size before relaxing)
 .debug_str     0x000000000002c8e2      0x26b Drivers/Core/Device/STM32F0xx/Source/system_stm32f0xx.o
                                      0x2baa7 (size before relaxing)
 .debug_str     0x000000000002cb4d       0x6e Drivers/Library/Src/SButton.o
                                      0x2c5cb (size before relaxing)

.comment        0x0000000000000000       0x7b
 .comment       0x0000000000000000       0x7b Core/Src/main.o
                                         0x7c (size before relaxing)
 .comment       0x000000000000007b       0x7c Drivers/Core/Device/STM32F0xx/Source/RCC_HSI_48_Init.o
 .comment       0x000000000000007b       0x7c Drivers/Core/Device/STM32F0xx/Source/Timers.o
 .comment       0x000000000000007b       0x7c Drivers/Core/Device/STM32F0xx/Source/system_stm32f0xx.o
 .comment       0x000000000000007b       0x7c Drivers/Library/Src/SButton.o

.debug_frame    0x0000000000000000      0x368
 .debug_frame   0x0000000000000000       0x2c Core/Src/main.o
 .debug_frame   0x000000000000002c       0x28 Drivers/Core/Device/STM32F0xx/Source/RCC_HSI_48_Init.o
 .debug_frame   0x0000000000000054       0x80 Drivers/Core/Device/STM32F0xx/Source/Timers.o
 .debug_frame   0x00000000000000d4       0x3c Drivers/Core/Device/STM32F0xx/Source/system_stm32f0xx.o
 .debug_frame   0x0000000000000110      0x20c Drivers/Library/Src/SButton.o
 .debug_frame   0x000000000000031c       0x2c c:/program files/stmicroelectronics/stm32cubeide_1.5.0/stm32cubeide/plugins/com.st.stm32cube.ide.mcu.externaltools.gnu-tools-for-stm32.7-2018-q2-update.win32_1.5.0.202011040924/tools/bin/../lib/gcc/arm-none-eabi/7.3.1/../../../../arm-none-eabi/lib/thumb/v6-m\libc_nano.a(lib_a-init.o)
 .debug_frame   0x0000000000000348       0x20 c:/program files/stmicroelectronics/stm32cubeide_1.5.0/stm32cubeide/plugins/com.st.stm32cube.ide.mcu.externaltools.gnu-tools-for-stm32.7-2018-q2-update.win32_1.5.0.202011040924/tools/bin/../lib/gcc/arm-none-eabi/7.3.1/thumb/v6-m\libgcc.a(_udivsi3.o)

.debug_loc      0x0000000000000000      0x64d
 .debug_loc     0x0000000000000000       0x75 Drivers/Core/Device/STM32F0xx/Source/RCC_HSI_48_Init.o
 .debug_loc     0x0000000000000075       0x69 Drivers/Core/Device/STM32F0xx/Source/Timers.o
 .debug_loc     0x00000000000000de      0x127 Drivers/Core/Device/STM32F0xx/Source/system_stm32f0xx.o
 .debug_loc     0x0000000000000205      0x448 Drivers/Library/Src/SButton.o
