SButton.cpp:5:1:SButton::SButton(GPIO_TypeDef*, uint16_t, bool, bool)	20	static
SButton.cpp:48:6:void SButton::setDebounce(uint16_t)	0	static
SButton.cpp:52:6:void SButton::setTimeout(uint16_t)	0	static
SButton.cpp:56:6:void SButton::setClickTimeout(uint16_t)	0	static
SButton.cpp:60:6:void SButton::setStepTimeout(uint16_t)	0	static
SButton.cpp:65:6:void SButton::setDirection(bool)	0	static
SButton.cpp:69:6:void SButton::setTickMode(bool)	0	static
SButton.cpp:169:9:uint8_t SButton::getClicks()	0	static
SButton.cpp:191:6:void SButton::resetStates()	0	static
SButton.cpp:212:6:void SButton::tick()	16	static
SButton.cpp:75:6:bool SButton::isPress()	8	static
SButton.cpp:85:6:bool SButton::isRelease()	8	static
SButton.cpp:95:6:bool SButton::isClick()	8	static
SButton.cpp:105:6:bool SButton::isHolded()	8	static
SButton.cpp:115:6:bool SButton::isHold()	8	static
SButton.cpp:121:6:bool SButton::state()	8	static
SButton.cpp:126:6:bool SButton::isSingle()	8	static
SButton.cpp:137:6:bool SButton::isDouble()	8	static
SButton.cpp:148:6:bool SButton::isTriple()	8	static
SButton.cpp:159:6:bool SButton::hasClicks()	8	static
SButton.cpp:175:9:uint8_t SButton::getHoldClicks()	8	static
SButton.cpp:180:6:bool SButton::isStep(uint8_t)	16	static
SButton.cpp:204:6:void SButton::tick(bool)	16	static
